# n_sequences: 3
# max_seq_len: 2
# n_index_size: 1
# data_size: 9
# n_chars: 0
<Uff20> <U61> : "a" # U61
<Uff20> <U62> : "#" # U23
<Uff20> <U63> : "a" # U61
