# n_sequences: 1
# max_seq_len: 4
# n_index_size: 1
# data_size: 9
# n_chars: 7
<Uff20> <U73> <U65> <U71> : "⏾⏳"
