# n_sequences: 4
# max_seq_len: 7
# n_index_size: 1
# data_size: 29
# n_chars: 39
<Uff20> <U73> <U65> <U71> : "!" # U21
<Uff20> <U6c> <U6f> <U6e> <U67> : "this is a long replacement string"
<Uff20> <U73> <U65> <U71> <U75> : "?" # U3f
<Uff20> <U7a> <U77> <U69> <U6e> <U65> <U73> : "ðŸ¥‚" # U1f942
