# n_sequences: 3
# max_seq_len: 5
# n_index_size: 1
# data_size: 19
# n_chars: 0
<Uff20> <U73> <U61> <U73> : "_" # U5f
<Uff20> <U73> <U65> <U71> : "!" # U21
<Uff20> <U75> <U62> <U32> <U33> : "/" # U2f
