<!-- non-canonical property name works -->
<interface>
  <object class="GtkWindow">
  </object>
</interface>
