<!-- default property gets stripped -->
<interface>
  <object class="GtkWindow">
  </object>
</interface>
