ERROR: gtk-builder-error-quark 6
.:9:1 Could not parse integer 'blue'
