ERROR: gtk-builder-error-quark 1
<input>:9:15 Unhandled tag: <warbl>
