ERROR: gtk-builder-error-quark 1
.:8:17 Unsupported tag for GtkCellLayout: <warbl>
