ERROR: g-markup-error-quark 4
.:8:45 attribute 'food' invalid for element 'attribute'
