ERROR: g-markup-error-quark 4
.:8:44 attribute 'food' invalid for element 'property'
