ERROR: g-markup-error-quark 6
.:5:16 element 'widget' requires attribute 'name'
