ERROR: g-markup-error-quark 6
.:7:32 element 'property' requires attribute 'name'
