ERROR: g-markup-error-quark 4
.:7:1 attribute 'try' invalid for element 'packing'
