ERROR: g-markup-error-quark 6
.:5:28 element 'widget' requires attribute 'name'
