ERROR: gtk-builder-error-quark 13
.:11:29 Object with ID xyzzy not found
