ERROR: gtk-builder-error-quark 6
.:10:40 Could not parse enum: 'warbl'
