ERROR: gtk-builder-error-quark 1
.:10:15 Unsupported tag for GtkDialog: <warbl>
