ERROR: g-markup-error-quark 6
.:10:23 element 'action-widget' requires attribute 'response'
