ERROR: g-markup-error-quark 4
.:5:31 attribute 'food' invalid for element 'mime-type'
