ERROR: gtk-builder-error-quark 1
.:5:24 Unsupported tag for GtkFileFilter: <warbl>
