ERROR: gtk-builder-error-quark 1
<input>:4:13 Unhandled tag: <warbl>
