ERROR: g-markup-error-quark 4
.:5:1 attribute 'food' invalid for element 'mime-types'
