ERROR: gtk-builder-error-quark 13
.:3:71 Object with ID xyzzy not found
