ERROR: gtk-builder-error-quark 1
<input>:9:13 Unhandled tag: <worbl>
