ERROR: gtk-builder-error-quark 1
.:8:15 Unsupported tag for GtkInfoBar: <worbl>
