ERROR: gtk-builder-error-quark 6
.:5:41 Could not parse double 'xyzzy'
