ERROR: gtk-builder-error-quark 1
<input>:6:13 Unhandled tag: <warbl>
