ERROR: gtk-builder-error-quark 1
.:5:13 Unsupported tag for GtkScale: <foo>
