ERROR: gtk-builder-error-quark 6
.:5:43 Could not parse enum: 'between'
