ERROR: g-markup-error-quark 4
.:3:1 attribute 'get-type' invalid for element 'object'
