ERROR: gtk-builder-error-quark 13
.:5:37 Object with ID xyzzy not found
