ERROR: g-markup-error-quark 4
.:5:29 attribute 'food' invalid for element 'pattern'
