ERROR: gtk-builder-error-quark 13
.:3:31 Object with ID xyzzy not found
