ERROR: g-markup-error-quark 4
.:8:48 attribute 'food' invalid for element 'action-widget'
