ERROR: gtk-builder-error-quark 6
.:8:38 Could not parse enum: 'xyz'
