ERROR: g-markup-error-quark 6
.:5:27 element 'offset' requires attribute 'value'
