ERROR: g-markup-error-quark 4
.:5:43 attribute 'nosuchattribute' invalid for element 'mark'
