ERROR: gtk-builder-error-quark 1
<input>:6:11 Unhandled tag: <foo>
