ERROR: gtk-builder-error-quark 4
<input>:4:1 <object> is not a valid tag here
